[debug] [2025-12-19T16:00:13.421Z] ----------------------------------------------------------------------
[debug] [2025-12-19T16:00:13.426Z] Command:       C:\Program Files\nodejs\node.exe C:\Users\scama\AppData\Roaming\npm\node_modules\firebase-tools\lib\bin\firebase.js deploy
[debug] [2025-12-19T16:00:13.427Z] CLI Version:   14.27.0
[debug] [2025-12-19T16:00:13.428Z] Platform:      win32
[debug] [2025-12-19T16:00:13.428Z] Node Version:  v20.11.0
[debug] [2025-12-19T16:00:13.428Z] Time:          Fri Dec 19 2025 17:00:13 GMT+0100 (Ora standard dell’Europa centrale)
[debug] [2025-12-19T16:00:13.429Z] ----------------------------------------------------------------------
[debug] 
[debug] [2025-12-19T16:00:13.949Z] > command requires scopes: ["email","openid","https://www.googleapis.com/auth/cloudplatformprojects.readonly","https://www.googleapis.com/auth/firebase","https://www.googleapis.com/auth/cloud-platform"]
[debug] [2025-12-19T16:00:13.950Z] > authorizing via signed-in user (scamardo.website@gmail.com)
[debug] [2025-12-19T16:00:13.951Z] [iam] checking project sorawpub for permissions ["firebase.projects.get",null]
[debug] [2025-12-19T16:00:13.954Z] Checked if tokens are valid: false, expires at: 1766160853479
[debug] [2025-12-19T16:00:13.954Z] Checked if tokens are valid: false, expires at: 1766160853479
[debug] [2025-12-19T16:00:13.955Z] > refreshing access token with scopes: []
[debug] [2025-12-19T16:00:13.958Z] >>> [apiv2][query] POST https://www.googleapis.com/oauth2/v3/token [none]
[debug] [2025-12-19T16:00:13.958Z] >>> [apiv2][body] POST https://www.googleapis.com/oauth2/v3/token [omitted]
[debug] [2025-12-19T16:00:14.365Z] <<< [apiv2][status] POST https://www.googleapis.com/oauth2/v3/token 200
[debug] [2025-12-19T16:00:14.365Z] <<< [apiv2][body] POST https://www.googleapis.com/oauth2/v3/token [omitted]
[debug] [2025-12-19T16:00:14.381Z] >>> [apiv2][query] POST https://cloudresourcemanager.googleapis.com/v1/projects/sorawpub:testIamPermissions [none]
[debug] [2025-12-19T16:00:14.381Z] >>> [apiv2][(partial)header] POST https://cloudresourcemanager.googleapis.com/v1/projects/sorawpub:testIamPermissions x-goog-quota-user=projects/sorawpub
[debug] [2025-12-19T16:00:14.382Z] >>> [apiv2][body] POST https://cloudresourcemanager.googleapis.com/v1/projects/sorawpub:testIamPermissions {"permissions":["firebase.projects.get",null]}
[debug] [2025-12-19T16:00:15.388Z] <<< [apiv2][status] POST https://cloudresourcemanager.googleapis.com/v1/projects/sorawpub:testIamPermissions 200
[debug] [2025-12-19T16:00:15.388Z] <<< [apiv2][body] POST https://cloudresourcemanager.googleapis.com/v1/projects/sorawpub:testIamPermissions {"permissions":["firebase.projects.get"]}
[debug] [2025-12-19T16:00:15.388Z] [iam] error while checking permissions, command may fail: Authorization failed. This account is missing the following required permissions on project sorawpub:

  
[info] 
[info] === Deploying to 'sorawpub'...
[info] 
[info] i  deploying apphosting 
[debug] [2025-12-19T16:00:15.396Z] Checked if tokens are valid: true, expires at: 1766163613366
[debug] [2025-12-19T16:00:15.397Z] Checked if tokens are valid: true, expires at: 1766163613366
[debug] [2025-12-19T16:00:15.398Z] >>> [apiv2][query] POST https://iam.googleapis.com/v1/projects/sorawpub/serviceAccounts/firebase-app-hosting-compute@sorawpub.iam.gserviceaccount.com:testIamPermissions [none]
[debug] [2025-12-19T16:00:15.398Z] >>> [apiv2][(partial)header] POST https://iam.googleapis.com/v1/projects/sorawpub/serviceAccounts/firebase-app-hosting-compute@sorawpub.iam.gserviceaccount.com:testIamPermissions x-goog-quota-user=projects/sorawpub
[debug] [2025-12-19T16:00:15.398Z] >>> [apiv2][body] POST https://iam.googleapis.com/v1/projects/sorawpub/serviceAccounts/firebase-app-hosting-compute@sorawpub.iam.gserviceaccount.com:testIamPermissions {"permissions":["iam.serviceAccounts.actAs"]}
[debug] [2025-12-19T16:00:16.409Z] <<< [apiv2][status] POST https://iam.googleapis.com/v1/projects/sorawpub/serviceAccounts/firebase-app-hosting-compute@sorawpub.iam.gserviceaccount.com:testIamPermissions 200
[debug] [2025-12-19T16:00:16.410Z] <<< [apiv2][body] POST https://iam.googleapis.com/v1/projects/sorawpub/serviceAccounts/firebase-app-hosting-compute@sorawpub.iam.gserviceaccount.com:testIamPermissions {"permissions":["iam.serviceAccounts.actAs"]}
[debug] [2025-12-19T16:00:16.410Z] Checked if tokens are valid: true, expires at: 1766163613366
[debug] [2025-12-19T16:00:16.410Z] Checked if tokens are valid: true, expires at: 1766163613366
[debug] [2025-12-19T16:00:16.411Z] >>> [apiv2][query] POST https://iam.googleapis.com/v1/projects/sorawpub/serviceAccounts [none]
[debug] [2025-12-19T16:00:16.411Z] >>> [apiv2][body] POST https://iam.googleapis.com/v1/projects/sorawpub/serviceAccounts {"accountId":"firebase-app-hosting-compute","serviceAccount":{"displayName":"Firebase App Hosting compute service account","description":"Default service account used to run builds and deploys for Firebase App Hosting"}}
[debug] [2025-12-19T16:00:17.375Z] <<< [apiv2][status] POST https://iam.googleapis.com/v1/projects/sorawpub/serviceAccounts 409
[debug] [2025-12-19T16:00:17.376Z] <<< [apiv2][body] POST https://iam.googleapis.com/v1/projects/sorawpub/serviceAccounts [omitted]
[debug] [2025-12-19T16:00:17.377Z] Checked if tokens are valid: true, expires at: 1766163613366
[debug] [2025-12-19T16:00:17.377Z] Checked if tokens are valid: true, expires at: 1766163613366
[debug] [2025-12-19T16:00:17.378Z] >>> [apiv2][query] POST https://cloudresourcemanager.googleapis.com/v1/projects/sorawpub:getIamPolicy [none]
[debug] [2025-12-19T16:00:17.728Z] <<< [apiv2][status] POST https://cloudresourcemanager.googleapis.com/v1/projects/sorawpub:getIamPolicy 200
[debug] [2025-12-19T16:00:17.728Z] <<< [apiv2][body] POST https://cloudresourcemanager.googleapis.com/v1/projects/sorawpub:getIamPolicy {"version":1,"etag":"BwZGT4l9UZ4=","bindings":[{"role":"roles/artifactregistry.serviceAgent","members":["serviceAccount:service-178082230232@gcp-sa-artifactregistry.iam.gserviceaccount.com"]},{"role":"roles/cloudbuild.builds.builder","members":["serviceAccount:178082230232@cloudbuild.gserviceaccount.com"]},{"role":"roles/cloudbuild.serviceAgent","members":["serviceAccount:service-178082230232@gcp-sa-cloudbuild.iam.gserviceaccount.com"]},{"role":"roles/containerregistry.ServiceAgent","members":["serviceAccount:service-178082230232@containerregistry.iam.gserviceaccount.com"]},{"role":"roles/developerconnect.readTokenAccessor","members":["serviceAccount:firebase-app-hosting-compute@sorawpub.iam.gserviceaccount.com"]},{"role":"roles/developerconnect.serviceAgent","members":["serviceAccount:service-178082230232@gcp-sa-devconnect.iam.gserviceaccount.com"]},{"role":"roles/editor","members":["serviceAccount:178082230232-compute@developer.gserviceaccount.com"]},{"role":"roles/firebase.managementServiceAgent","members":["serviceAccount:service-178082230232@gcp-sa-firebase.iam.gserviceaccount.com"]},{"role":"roles/firebase.sdkAdminServiceAgent","members":["serviceAccount:firebase-adminsdk-fbsvc@sorawpub.iam.gserviceaccount.com","serviceAccount:firebase-app-hosting-compute@sorawpub.iam.gserviceaccount.com"]},{"role":"roles/firebaseapphosting.computeRunner","members":["serviceAccount:firebase-app-hosting-compute@sorawpub.iam.gserviceaccount.com"]},{"role":"roles/firebaseapphosting.serviceAgent","members":["serviceAccount:service-178082230232@gcp-sa-firebaseapphosting.iam.gserviceaccount.com"]},{"role":"roles/firebaseauth.admin","members":["serviceAccount:firebase-adminsdk-fbsvc@sorawpub.iam.gserviceaccount.com"]},{"role":"roles/firebaserules.system","members":["serviceAccount:service-178082230232@firebase-rules.iam.gserviceaccount.com"]},{"role":"roles/firestore.serviceAgent","members":["serviceAccount:service-178082230232@gcp-sa-firestore.iam.gserviceaccount.com"]},{"role":"roles/iam.serviceAccountTokenCreator","members":["serviceAccount:firebase-adminsdk-fbsvc@sorawpub.iam.gserviceaccount.com"]},{"role":"roles/owner","members":["user:scamardo.website@gmail.com"]},{"role":"roles/run.serviceAgent","members":["serviceAccount:service-178082230232@serverless-robot-prod.iam.gserviceaccount.com"]},{"role":"roles/secretmanager.admin_withcond_939bd10c6edfd822a9ce","members":["serviceAccount:service-178082230232@gcp-sa-devconnect.iam.gserviceaccount.com"]},{"role":"roles/storage.objectViewer","members":["serviceAccount:firebase-app-hosting-compute@sorawpub.iam.gserviceaccount.com"]}]}
[debug] [2025-12-19T16:00:17.729Z] Checked if tokens are valid: true, expires at: 1766163613366
[debug] [2025-12-19T16:00:17.729Z] Checked if tokens are valid: true, expires at: 1766163613366
[debug] [2025-12-19T16:00:17.730Z] >>> [apiv2][query] POST https://cloudresourcemanager.googleapis.com/v1/projects/sorawpub:setIamPolicy [none]
[debug] [2025-12-19T16:00:17.730Z] >>> [apiv2][body] POST https://cloudresourcemanager.googleapis.com/v1/projects/sorawpub:setIamPolicy {"policy":{"version":1,"etag":"BwZGT4l9UZ4=","bindings":[{"role":"roles/artifactregistry.serviceAgent","members":["serviceAccount:service-178082230232@gcp-sa-artifactregistry.iam.gserviceaccount.com"]},{"role":"roles/cloudbuild.builds.builder","members":["serviceAccount:178082230232@cloudbuild.gserviceaccount.com"]},{"role":"roles/cloudbuild.serviceAgent","members":["serviceAccount:service-178082230232@gcp-sa-cloudbuild.iam.gserviceaccount.com"]},{"role":"roles/containerregistry.ServiceAgent","members":["serviceAccount:service-178082230232@containerregistry.iam.gserviceaccount.com"]},{"role":"roles/developerconnect.readTokenAccessor","members":["serviceAccount:firebase-app-hosting-compute@sorawpub.iam.gserviceaccount.com"]},{"role":"roles/developerconnect.serviceAgent","members":["serviceAccount:service-178082230232@gcp-sa-devconnect.iam.gserviceaccount.com"]},{"role":"roles/editor","members":["serviceAccount:178082230232-compute@developer.gserviceaccount.com"]},{"role":"roles/firebase.managementServiceAgent","members":["serviceAccount:service-178082230232@gcp-sa-firebase.iam.gserviceaccount.com"]},{"role":"roles/firebase.sdkAdminServiceAgent","members":["serviceAccount:firebase-adminsdk-fbsvc@sorawpub.iam.gserviceaccount.com","serviceAccount:firebase-app-hosting-compute@sorawpub.iam.gserviceaccount.com"]},{"role":"roles/firebaseapphosting.computeRunner","members":["serviceAccount:firebase-app-hosting-compute@sorawpub.iam.gserviceaccount.com"]},{"role":"roles/firebaseapphosting.serviceAgent","members":["serviceAccount:service-178082230232@gcp-sa-firebaseapphosting.iam.gserviceaccount.com"]},{"role":"roles/firebaseauth.admin","members":["serviceAccount:firebase-adminsdk-fbsvc@sorawpub.iam.gserviceaccount.com"]},{"role":"roles/firebaserules.system","members":["serviceAccount:service-178082230232@firebase-rules.iam.gserviceaccount.com"]},{"role":"roles/firestore.serviceAgent","members":["serviceAccount:service-178082230232@gcp-sa-firestore.iam.gserviceaccount.com"]},{"role":"roles/iam.serviceAccountTokenCreator","members":["serviceAccount:firebase-adminsdk-fbsvc@sorawpub.iam.gserviceaccount.com"]},{"role":"roles/owner","members":["user:scamardo.website@gmail.com"]},{"role":"roles/run.serviceAgent","members":["serviceAccount:service-178082230232@serverless-robot-prod.iam.gserviceaccount.com"]},{"role":"roles/secretmanager.admin_withcond_939bd10c6edfd822a9ce","members":["serviceAccount:service-178082230232@gcp-sa-devconnect.iam.gserviceaccount.com"]},{"role":"roles/storage.objectViewer","members":["serviceAccount:firebase-app-hosting-compute@sorawpub.iam.gserviceaccount.com"]}]},"updateMask":"bindings"}
[debug] [2025-12-19T16:00:18.804Z] <<< [apiv2][status] POST https://cloudresourcemanager.googleapis.com/v1/projects/sorawpub:setIamPolicy 200
[debug] [2025-12-19T16:00:18.804Z] <<< [apiv2][body] POST https://cloudresourcemanager.googleapis.com/v1/projects/sorawpub:setIamPolicy {"version":1,"etag":"BwZGUCyBrKI=","bindings":[{"role":"roles/artifactregistry.serviceAgent","members":["serviceAccount:service-178082230232@gcp-sa-artifactregistry.iam.gserviceaccount.com"]},{"role":"roles/cloudbuild.builds.builder","members":["serviceAccount:178082230232@cloudbuild.gserviceaccount.com"]},{"role":"roles/cloudbuild.serviceAgent","members":["serviceAccount:service-178082230232@gcp-sa-cloudbuild.iam.gserviceaccount.com"]},{"role":"roles/containerregistry.ServiceAgent","members":["serviceAccount:service-178082230232@containerregistry.iam.gserviceaccount.com"]},{"role":"roles/developerconnect.readTokenAccessor","members":["serviceAccount:firebase-app-hosting-compute@sorawpub.iam.gserviceaccount.com"]},{"role":"roles/developerconnect.serviceAgent","members":["serviceAccount:service-178082230232@gcp-sa-devconnect.iam.gserviceaccount.com"]},{"role":"roles/editor","members":["serviceAccount:178082230232-compute@developer.gserviceaccount.com"]},{"role":"roles/firebase.managementServiceAgent","members":["serviceAccount:service-178082230232@gcp-sa-firebase.iam.gserviceaccount.com"]},{"role":"roles/firebase.sdkAdminServiceAgent","members":["serviceAccount:firebase-adminsdk-fbsvc@sorawpub.iam.gserviceaccount.com","serviceAccount:firebase-app-hosting-compute@sorawpub.iam.gserviceaccount.com"]},{"role":"roles/firebaseapphosting.computeRunner","members":["serviceAccount:firebase-app-hosting-compute@sorawpub.iam.gserviceaccount.com"]},{"role":"roles/firebaseapphosting.serviceAgent","members":["serviceAccount:service-178082230232@gcp-sa-firebaseapphosting.iam.gserviceaccount.com"]},{"role":"roles/firebaseauth.admin","members":["serviceAccount:firebase-adminsdk-fbsvc@sorawpub.iam.gserviceaccount.com"]},{"role":"roles/firebaserules.system","members":["serviceAccount:service-178082230232@firebase-rules.iam.gserviceaccount.com"]},{"role":"roles/firestore.serviceAgent","members":["serviceAccount:service-178082230232@gcp-sa-firestore.iam.gserviceaccount.com"]},{"role":"roles/iam.serviceAccountTokenCreator","members":["serviceAccount:firebase-adminsdk-fbsvc@sorawpub.iam.gserviceaccount.com"]},{"role":"roles/owner","members":["user:scamardo.website@gmail.com"]},{"role":"roles/run.serviceAgent","members":["serviceAccount:service-178082230232@serverless-robot-prod.iam.gserviceaccount.com"]},{"role":"roles/secretmanager.admin_withcond_939bd10c6edfd822a9ce","members":["serviceAccount:service-178082230232@gcp-sa-devconnect.iam.gserviceaccount.com"]},{"role":"roles/storage.objectViewer","members":["serviceAccount:firebase-app-hosting-compute@sorawpub.iam.gserviceaccount.com"]}]}
[debug] [2025-12-19T16:00:18.805Z] Checked if tokens are valid: true, expires at: 1766163613366
[debug] [2025-12-19T16:00:18.805Z] Checked if tokens are valid: true, expires at: 1766163613366
[debug] [2025-12-19T16:00:18.806Z] >>> [apiv2][query] GET https://firebaseapphosting.googleapis.com/v1beta/projects/sorawpub/locations/-/backends 
[debug] [2025-12-19T16:00:20.055Z] <<< [apiv2][status] GET https://firebaseapphosting.googleapis.com/v1beta/projects/sorawpub/locations/-/backends 200
[debug] [2025-12-19T16:00:20.055Z] <<< [apiv2][body] GET https://firebaseapphosting.googleapis.com/v1beta/projects/sorawpub/locations/-/backends {"backends":[{"name":"projects/sorawpub/locations/europe-west4/backends/sorawpub-backend","createTime":"2025-12-09T19:17:13.270268129Z","updateTime":"2025-12-19T15:18:45.342614Z","uri":"sorawpub-backend--sorawpub.europe-west4.hosted.app","managedResources":[{"runService":{"service":"projects/178082230232/locations/europe-west4/services/sorawpub-backend"}}],"codebase":{"repository":"projects/sorawpub/locations/europe-west4/connections/apphosting-github-conn-axmckb6/gitRepositoryLinks/Gabsca2001-SoRawPub","rootDirectory":"/"},"uid":"a0db7c51-a6f4-4907-b6e4-ca11a7c3b913","etag":"OefXxEdRbiFdFD8y9WplZ7kbVBOnFyxB8G3BHamOeuk","reconciling":false,"servingLocality":"GLOBAL_ACCESS","serviceAccount":"firebase-app-hosting-compute@sorawpub.iam.gserviceaccount.com","appId":"1:178082230232:web:470ec4521f3644853b4cad"}]}
[info] i  apphosting: Found backend(s) sorawpub-backend 
[debug] [2025-12-19T16:00:20.058Z] Checked if tokens are valid: true, expires at: 1766163613366
[debug] [2025-12-19T16:00:20.058Z] Checked if tokens are valid: true, expires at: 1766163613366
[debug] [2025-12-19T16:00:20.059Z] >>> [apiv2][query] GET https://cloudresourcemanager.googleapis.com/v1/projects/sorawpub [none]
[debug] [2025-12-19T16:00:20.317Z] <<< [apiv2][status] GET https://cloudresourcemanager.googleapis.com/v1/projects/sorawpub 200
[debug] [2025-12-19T16:00:20.317Z] <<< [apiv2][body] GET https://cloudresourcemanager.googleapis.com/v1/projects/sorawpub {"projectNumber":"178082230232","projectId":"sorawpub","lifecycleState":"ACTIVE","name":"SoRawPub","labels":{"firebase":"enabled","firebase-core":"disabled"},"createTime":"2025-12-09T14:56:13.154048Z"}
[debug] [2025-12-19T16:00:20.318Z] Checked if tokens are valid: true, expires at: 1766163613366
[debug] [2025-12-19T16:00:20.318Z] Checked if tokens are valid: true, expires at: 1766163613366
[debug] [2025-12-19T16:00:20.319Z] >>> [apiv2][query] GET https://storage.googleapis.com/storage/v1/b?project=sorawpub 
[debug] [2025-12-19T16:00:20.822Z] <<< [apiv2][status] GET https://storage.googleapis.com/storage/v1/b?project=sorawpub 200
[debug] [2025-12-19T16:00:20.822Z] <<< [apiv2][body] GET https://storage.googleapis.com/storage/v1/b?project=sorawpub {"kind":"storage#buckets","items":[{"kind":"storage#bucket","selfLink":"https://www.googleapis.com/storage/v1/b/firebaseapphosting-sources-178082230232-europe-west4","id":"firebaseapphosting-sources-178082230232-europe-west4","name":"firebaseapphosting-sources-178082230232-europe-west4","projectNumber":"178082230232","generation":"1765310270574249227","metageneration":"1","location":"EUROPE-WEST4","storageClass":"STANDARD","etag":"CAE=","timeCreated":"2025-12-09T19:57:51.283Z","updated":"2025-12-09T19:57:51.283Z","lifecycle":{"rule":[{"action":{"type":"Delete"},"condition":{"age":30}}]},"labels":{"apphosting-source-europe-west4":"true"},"softDeletePolicy":{"retentionDurationSeconds":"604800","effectiveTime":"2025-12-09T19:57:51.283Z"},"iamConfiguration":{"bucketPolicyOnly":{"enabled":false},"uniformBucketLevelAccess":{"enabled":false},"publicAccessPrevention":"inherited"},"locationType":"region","satisfiesPZI":true}]}
[info] i  apphosting: Zipped source for backend sorawpub-backend 
[info] i  apphosting: Uploading source for backend sorawpub-backend... 
[debug] [2025-12-19T16:00:25.355Z] Checked if tokens are valid: true, expires at: 1766163613366
[debug] [2025-12-19T16:00:25.356Z] Checked if tokens are valid: true, expires at: 1766163613366
[debug] [2025-12-19T16:00:25.356Z] >>> [apiv2][query] PUT https://storage.googleapis.com/firebaseapphosting-sources-178082230232-europe-west4/sorawpub-backend--13304-g4MlOEgk6aAl-.zip [none]
[debug] [2025-12-19T16:00:25.356Z] >>> [apiv2][body] PUT https://storage.googleapis.com/firebaseapphosting-sources-178082230232-europe-west4/sorawpub-backend--13304-g4MlOEgk6aAl-.zip [stream]
